ERROR: Cannot load a GDExtension built for Godot 4.6.0 using an older version of Godot (4.5.0).
   at: init (godot-cpp/src/godot.cpp:180)
ERROR: GDExtension initialization function 'terrabrush_library_init' returned an error.
   at: initialize (core/extension/gdextension_library_loader.cpp:231)
ERROR: Error loading extension: 'res://addons/terrabrush/terrabrush.gdextension'.
   at: load_extensions (core/extension/gdextension_manager.cpp:321)
Godot Engine v4.5.stable.official.876b29033 - https://godotengine.org

WARNING: res://scenes/ui/loading_screen.tscn:3 - ext_resource, invalid UID: uid://d3xk4y8y4xk8y - using text path instead: res://scripts/ui/loading_screen.gd
     at: load (scene/resources/resource_format_text.cpp:444)
ERROR: Attempt to open script 'res://addons/godot_ai/runtime/game_helper.gd' resulted in error 'File not found'.
   at: load_source_code (modules/gdscript/gdscript.cpp:1120)
ERROR: Failed loading resource: res://addons/godot_ai/runtime/game_helper.gd.
   at: _load (core/io/resource_loader.cpp:343)
ERROR: Failed to instantiate an autoload, can't load from path: res://addons/godot_ai/runtime/game_helper.gd.
   at: start (main/main.cpp:4329)
WARNING: Terrain3DAssets#2985:_update_texture_files: ID 0 normal texture is not connected to a file.
     at: push_warning (core/variant/variant_utility.cpp:1034)
WARNING: Terrain3DAssets#2985:_update_texture_files: ID 1 normal texture is not connected to a file.
     at: push_warning (core/variant/variant_utility.cpp:1034)
WARNING: Terrain3DAssets#2985:_update_texture_files: ID 2 normal texture is not connected to a file.
     at: push_warning (core/variant/variant_utility.cpp:1034)
--- CUTSCENE TRAILER INICIADA ---
Nenhum player encontrado na cena. Instanciando automaticamente!
Player pronto: Player
1. Forçando modelo maycow_lopes...
Desativando hud e controle...
Posicionando player no INICIO...
2. Criando câmera de COSTAS...
Ativando auto walk...
Esperando 3 segundos...
DEGENERATE NODE FOUND: Armature path: /root/trailer/Player/maycow_lopes_normal/Armature scale: (0.01, 0.01, 0.01)
DEGENERATE NODE FOUND: Skeleton3D path: /root/trailer/Player/maycow_lopes_normal/Armature/Skeleton3D scale: (1.0, 1.0, 1.0)
DEGENERATE NODE FOUND: char1 path: /root/trailer/Player/maycow_lopes_normal/Armature/Skeleton3D/char1 scale: (1.0, 1.0, 1.0)
DEGENERATE NODE FOUND: Armature path: /root/trailer/Player/maycow_lopes/Armature scale: (0.01, 0.01, 0.01)
DEGENERATE NODE FOUND: Skeleton3D path: /root/trailer/Player/maycow_lopes/Armature/Skeleton3D scale: (1.0, 1.0, 1.0)
DEGENERATE NODE FOUND: char1 path: /root/trailer/Player/maycow_lopes/Armature/Skeleton3D/char1 scale: (1.0, 1.0, 1.0)
DEGENERATE NODE FOUND: bullet path: /root/trailer/Player/Camera3D/Camera3D_Bullet_Time/bullet scale: (0.000549, 0.000524, 0.00043)
DEGENERATE NODE FOUND: Sketchfab_model path: /root/trailer/Player/Camera3D/Camera3D_Bullet_Time/bullet/Sketchfab_model scale: (1.0, 1.0, 1.0)
DEGENERATE NODE FOUND: Collada visual scene group path: /root/trailer/Player/Camera3D/Camera3D_Bullet_Time/bullet/Sketchfab_model/Collada visual scene group scale: (1.0, 1.0, 1.0)
DEGENERATE NODE FOUND: bullet_touch path: /root/trailer/Player/Camera3D/Camera3D_Bullet_Time/bullet/bullet_touch scale: (1.0, 1.0, 1.0)
