ERROR: Cannot load a GDExtension built for Godot 4.6.0 using an older version of Godot (4.5.0).
   at: init (godot-cpp/src/godot.cpp:180)
ERROR: GDExtension initialization function 'terrabrush_library_init' returned an error.
   at: initialize (core/extension/gdextension_library_loader.cpp:231)
ERROR: Error loading extension: 'res://addons/terrabrush/terrabrush.gdextension'.
   at: load_extensions (core/extension/gdextension_manager.cpp:321)
Godot Engine v4.5.stable.official.876b29033 - https://godotengine.org

ERROR: Attempt to open script 'res://addons/godot_ai/runtime/game_helper.gd' resulted in error 'File not found'.
   at: load_source_code (modules/gdscript/gdscript.cpp:1120)
ERROR: Failed loading resource: res://addons/godot_ai/runtime/game_helper.gd.
   at: _load (core/io/resource_loader.cpp:343)
ERROR: Failed to instantiate an autoload, can't load from path: res://addons/godot_ai/runtime/game_helper.gd.
   at: start (main/main.cpp:4329)
WARNING: Terrain3DAssets#7015:_update_texture_files: ID 0 normal texture is not connected to a file.
     at: push_warning (core/variant/variant_utility.cpp:1034)
WARNING: Terrain3DAssets#7015:_update_texture_files: ID 1 normal texture is not connected to a file.
     at: push_warning (core/variant/variant_utility.cpp:1034)
WARNING: Terrain3DAssets#7015:_update_texture_files: ID 2 normal texture is not connected to a file.
     at: push_warning (core/variant/variant_utility.cpp:1034)
--- CUTSCENE TRAILER INICIADA ---
Nenhum player encontrado na cena. Instanciando automaticamente!
Player pronto: Player
1. Forçando modelo maycow_lopes...
Desativando hud e controle...
Posicionando player no INICIO...
2. Criando câmera de COSTAS...
Ativando auto walk...
Esperando 3 segundos...
