ERROR: Cannot load a GDExtension built for Godot 4.6.0 using an older version of Godot (4.5.0).
   at: init (godot-cpp/src/godot.cpp:180)
ERROR: GDExtension initialization function 'terrabrush_library_init' returned an error.
   at: initialize (core/extension/gdextension_library_loader.cpp:231)
ERROR: Error loading extension: 'res://addons/terrabrush/terrabrush.gdextension'.
   at: load_extensions (core/extension/gdextension_manager.cpp:321)
Godot Engine v4.5.stable.official.876b29033 - https://godotengine.org

WARNING: res://scenes/ui/loading_screen.tscn:3 - ext_resource, invalid UID: uid://d3xk4y8y4xk8y - using text path instead: res://scripts/ui/loading_screen.gd
     at: load (scene/resources/resource_format_text.cpp:444)
WARNING: Terrain3DAssets#7639:_update_texture_files: ID 0 normal texture is not connected to a file.
     at: push_warning (core/variant/variant_utility.cpp:1034)
WARNING: Terrain3DAssets#7639:_update_texture_files: ID 1 normal texture is not connected to a file.
     at: push_warning (core/variant/variant_utility.cpp:1034)
WARNING: Terrain3DAssets#7639:_update_texture_files: ID 2 normal texture is not connected to a file.
     at: push_warning (core/variant/variant_utility.cpp:1034)
--- CUTSCENE TRAILER INICIADA ---
Nenhum player encontrado na cena. Instanciando automaticamente!
Player pronto: Player
1. Forçando modelo maycow_lopes...
Desativando hud e controle...
Posicionando player no INICIO...
2. Criando câmera de COSTAS...
Ativando auto walk...
Esperando 3 segundos...
ERROR: Condition "det == 0" is true.
   at: invert (core/math/basis.cpp:47)
ERROR: Condition "det == 0" is true.
   at: invert (core/math/basis.cpp:47)
ERROR: Condition "det == 0" is true.
   at: invert (core/math/basis.cpp:47)
ERROR: Condition "det == 0" is true.
   at: invert (core/math/basis.cpp:47)
ERROR: Condition "det == 0" is true.
   at: invert (core/math/basis.cpp:47)
ERROR: Condition "det == 0" is true.
   at: invert (core/math/basis.cpp:47)
ERROR: Condition "det == 0" is true.
   at: invert (core/math/basis.cpp:47)
ERROR: Condition "det == 0" is true.
   at: invert (core/math/basis.cpp:47)
ERROR: Condition "det == 0" is true.
   at: invert (core/math/basis.cpp:47)
ERROR: Condition "det == 0" is true.
   at: invert (core/math/basis.cpp:47)
ERROR: Condition "det == 0" is true.
   at: invert (core/math/basis.cpp:47)
ERROR: Condition "det == 0" is true.
   at: invert (core/math/basis.cpp:47)
ERROR: Condition "det == 0" is true.
   at: invert (core/math/basis.cpp:47)
ERROR: Condition "det == 0" is true.
   at: invert (core/math/basis.cpp:47)
ERROR: Condition "det == 0" is true.
   at: invert (core/math/basis.cpp:47)
ERROR: Condition "det == 0" is true.
   at: invert (core/math/basis.cpp:47)
ERROR: Condition "det == 0" is true.
   at: invert (core/math/basis.cpp:47)
ERROR: Condition "det == 0" is true.
   at: invert (core/math/basis.cpp:47)
ERROR: Condition "det == 0" is true.
   at: invert (core/math/basis.cpp:47)
ERROR: Condition "det == 0" is true.
   at: invert (core/math/basis.cpp:47)
ERROR: Condition "det == 0" is true.
   at: invert (core/math/basis.cpp:47)
ERROR: Condition "det == 0" is true.
   at: invert (core/math/basis.cpp:47)
ERROR: Condition "det == 0" is true.
   at: invert (core/math/basis.cpp:47)
ERROR: Condition "det == 0" is true.
   at: invert (core/math/basis.cpp:47)
ERROR: Condition "det == 0" is true.
   at: invert (core/math/basis.cpp:47)
ERROR: Condition "det == 0" is true.
   at: invert (core/math/basis.cpp:47)
ERROR: Condition "det == 0" is true.
   at: invert (core/math/basis.cpp:47)
ERROR: Condition "det == 0" is true.
   at: invert (core/math/basis.cpp:47)
ERROR: Condition "det == 0" is true.
   at: invert (core/math/basis.cpp:47)
ERROR: Condition "det == 0" is true.
   at: invert (core/math/basis.cpp:47)
ERROR: Condition "det == 0" is true.
   at: invert (core/math/basis.cpp:47)
ERROR: Condition "det == 0" is true.
   at: invert (core/math/basis.cpp:47)
ERROR: Condition "det == 0" is true.
   at: invert (core/math/basis.cpp:47)
ERROR: Condition "det == 0" is true.
   at: invert (core/math/basis.cpp:47)
ERROR: Condition "det == 0" is true.
   at: invert (core/math/basis.cpp:47)
ERROR: Condition "det == 0" is true.
   at: invert (core/math/basis.cpp:47)
ERROR: Condition "det == 0" is true.
   at: invert (core/math/basis.cpp:47)
ERROR: Condition "det == 0" is true.
   at: invert (core/math/basis.cpp:47)
ERROR: Condition "det == 0" is true.
   at: invert (core/math/basis.cpp:47)
ERROR: Condition "det == 0" is true.
   at: invert (core/math/basis.cpp:47)
ERROR: Condition "det == 0" is true.
   at: invert (core/math/basis.cpp:47)
ERROR: Condition "det == 0" is true.
   at: invert (core/math/basis.cpp:47)
ERROR: Condition "det == 0" is true.
   at: invert (core/math/basis.cpp:47)
ERROR: Condition "det == 0" is true.
   at: invert (core/math/basis.cpp:47)
ERROR: Condition "det == 0" is true.
   at: invert (core/math/basis.cpp:47)
ERROR: Condition "det == 0" is true.
   at: invert (core/math/basis.cpp:47)
ERROR: Condition "det == 0" is true.
   at: invert (core/math/basis.cpp:47)
ERROR: Condition "det == 0" is true.
   at: invert (core/math/basis.cpp:47)
ERROR: Condition "det == 0" is true.
   at: invert (core/math/basis.cpp:47)
ERROR: Condition "det == 0" is true.
   at: invert (core/math/basis.cpp:47)
ERROR: Condition "det == 0" is true.
   at: invert (core/math/basis.cpp:47)
ERROR: Condition "det == 0" is true.
   at: invert (core/math/basis.cpp:47)
ERROR: Condition "det == 0" is true.
   at: invert (core/math/basis.cpp:47)
